Archive member included to satisfy reference by file (symbol)

c:/st/stm32cubeide_1.10.1/stm32cubeide/plugins/com.st.stm32cube.ide.mcu.externaltools.gnu-tools-for-stm32.10.3-2021.10.win32_1.0.0.202111181127/tools/bin/../lib/gcc/arm-none-eabi/10.3.1/../../../../arm-none-eabi/lib/thumb/v7-m/nofp\libc_nano.a(lib_a-errno.o)
                              ./Core/Src/syscalls.o (__errno)
c:/st/stm32cubeide_1.10.1/stm32cubeide/plugins/com.st.stm32cube.ide.mcu.externaltools.gnu-tools-for-stm32.10.3-2021.10.win32_1.0.0.202111181127/tools/bin/../lib/gcc/arm-none-eabi/10.3.1/../../../../arm-none-eabi/lib/thumb/v7-m/nofp\libc_nano.a(lib_a-exit.o)
                              c:/st/stm32cubeide_1.10.1/stm32cubeide/plugins/com.st.stm32cube.ide.mcu.externaltools.gnu-tools-for-stm32.10.3-2021.10.win32_1.0.0.202111181127/tools/bin/../lib/gcc/arm-none-eabi/10.3.1/../../../../arm-none-eabi/lib/thumb/v7-m/nofp/crt0.o (exit)
c:/st/stm32cubeide_1.10.1/stm32cubeide/plugins/com.st.stm32cube.ide.mcu.externaltools.gnu-tools-for-stm32.10.3-2021.10.win32_1.0.0.202111181127/tools/bin/../lib/gcc/arm-none-eabi/10.3.1/../../../../arm-none-eabi/lib/thumb/v7-m/nofp\libc_nano.a(lib_a-impure.o)
                              c:/st/stm32cubeide_1.10.1/stm32cubeide/plugins/com.st.stm32cube.ide.mcu.externaltools.gnu-tools-for-stm32.10.3-2021.10.win32_1.0.0.202111181127/tools/bin/../lib/gcc/arm-none-eabi/10.3.1/../../../../arm-none-eabi/lib/thumb/v7-m/nofp\libc_nano.a(lib_a-exit.o) (_global_impure_ptr)
c:/st/stm32cubeide_1.10.1/stm32cubeide/plugins/com.st.stm32cube.ide.mcu.externaltools.gnu-tools-for-stm32.10.3-2021.10.win32_1.0.0.202111181127/tools/bin/../lib/gcc/arm-none-eabi/10.3.1/../../../../arm-none-eabi/lib/thumb/v7-m/nofp\libc_nano.a(lib_a-init.o)
                              c:/st/stm32cubeide_1.10.1/stm32cubeide/plugins/com.st.stm32cube.ide.mcu.externaltools.gnu-tools-for-stm32.10.3-2021.10.win32_1.0.0.202111181127/tools/bin/../lib/gcc/arm-none-eabi/10.3.1/../../../../arm-none-eabi/lib/thumb/v7-m/nofp/crt0.o (__libc_init_array)
c:/st/stm32cubeide_1.10.1/stm32cubeide/plugins/com.st.stm32cube.ide.mcu.externaltools.gnu-tools-for-stm32.10.3-2021.10.win32_1.0.0.202111181127/tools/bin/../lib/gcc/arm-none-eabi/10.3.1/../../../../arm-none-eabi/lib/thumb/v7-m/nofp\libc_nano.a(lib_a-memset.o)
                              c:/st/stm32cubeide_1.10.1/stm32cubeide/plugins/com.st.stm32cube.ide.mcu.externaltools.gnu-tools-for-stm32.10.3-2021.10.win32_1.0.0.202111181127/tools/bin/../lib/gcc/arm-none-eabi/10.3.1/../../../../arm-none-eabi/lib/thumb/v7-m/nofp/crt0.o (memset)
c:/st/stm32cubeide_1.10.1/stm32cubeide/plugins/com.st.stm32cube.ide.mcu.externaltools.gnu-tools-for-stm32.10.3-2021.10.win32_1.0.0.202111181127/tools/bin/../lib/gcc/arm-none-eabi/10.3.1/../../../../arm-none-eabi/lib/thumb/v7-m/nofp\libc_nano.a(lib_a-strlen.o)
                              ./Core/Src/LiquidCrystal.o (strlen)

Discarded input sections

 .text          0x0000000000000000        0x0 c:/st/stm32cubeide_1.10.1/stm32cubeide/plugins/com.st.stm32cube.ide.mcu.externaltools.gnu-tools-for-stm32.10.3-2021.10.win32_1.0.0.202111181127/tools/bin/../lib/gcc/arm-none-eabi/10.3.1/thumb/v7-m/nofp/crti.o
 .data          0x0000000000000000        0x0 c:/st/stm32cubeide_1.10.1/stm32cubeide/plugins/com.st.stm32cube.ide.mcu.externaltools.gnu-tools-for-stm32.10.3-2021.10.win32_1.0.0.202111181127/tools/bin/../lib/gcc/arm-none-eabi/10.3.1/thumb/v7-m/nofp/crti.o
 .bss           0x0000000000000000        0x0 c:/st/stm32cubeide_1.10.1/stm32cubeide/plugins/com.st.stm32cube.ide.mcu.externaltools.gnu-tools-for-stm32.10.3-2021.10.win32_1.0.0.202111181127/tools/bin/../lib/gcc/arm-none-eabi/10.3.1/thumb/v7-m/nofp/crti.o
 .data          0x0000000000000000        0x4 c:/st/stm32cubeide_1.10.1/stm32cubeide/plugins/com.st.stm32cube.ide.mcu.externaltools.gnu-tools-for-stm32.10.3-2021.10.win32_1.0.0.202111181127/tools/bin/../lib/gcc/arm-none-eabi/10.3.1/thumb/v7-m/nofp/crtbegin.o
 .rodata        0x0000000000000000       0x24 c:/st/stm32cubeide_1.10.1/stm32cubeide/plugins/com.st.stm32cube.ide.mcu.externaltools.gnu-tools-for-stm32.10.3-2021.10.win32_1.0.0.202111181127/tools/bin/../lib/gcc/arm-none-eabi/10.3.1/thumb/v7-m/nofp/crtbegin.o
 .text          0x0000000000000000       0x7c c:/st/stm32cubeide_1.10.1/stm32cubeide/plugins/com.st.stm32cube.ide.mcu.externaltools.gnu-tools-for-stm32.10.3-2021.10.win32_1.0.0.202111181127/tools/bin/../lib/gcc/arm-none-eabi/10.3.1/../../../../arm-none-eabi/lib/thumb/v7-m/nofp/crt0.o
 .data          0x0000000000000000        0x0 c:/st/stm32cubeide_1.10.1/stm32cubeide/plugins/com.st.stm32cube.ide.mcu.externaltools.gnu-tools-for-stm32.10.3-2021.10.win32_1.0.0.202111181127/tools/bin/../lib/gcc/arm-none-eabi/10.3.1/../../../../arm-none-eabi/lib/thumb/v7-m/nofp/crt0.o
[...]
Memory Configuration

Name             Origin             Length             Attributes
RAM              0x0000000020000000 0x0000000000002800 xrw
FLASH            0x0000000008000000 0x0000000000008000 xr
*default*        0x0000000000000000 0xffffffffffffffff

Linker script and memory map

LOAD c:/st/stm32cubeide_1.10.1/stm32cubeide/plugins/com.st.stm32cube.ide.mcu.externaltools.gnu-tools-for-stm32.10.3-2021.10.win32_1.0.0.202111181127/tools/bin/../lib/gcc/arm-none-eabi/10.3.1/thumb/v7-m/nofp/crti.o
LOAD c:/st/stm32cubeide_1.10.1/stm32cubeide/plugins/com.st.stm32cube.ide.mcu.externaltools.gnu-tools-for-stm32.10.3-2021.10.win32_1.0.0.202111181127/tools/bin/../lib/gcc/arm-none-eabi/10.3.1/thumb/v7-m/nofp/crtbegin.o
LOAD c:/st/stm32cubeide_1.10.1/stm32cubeide/plugins/com.st.stm32cube.ide.mcu.externaltools.gnu-tools-for-stm32.10.3-2021.10.win32_1.0.0.202111181127/tools/bin/../lib/gcc/arm-none-eabi/10.3.1/../../../../arm-none-eabi/lib/thumb/v7-m/nofp/crt0.o
LOAD ./Core/Src/LiquidCrystal.o
LOAD ./Core/Src/lcd.o
LOAD ./Core/Src/main.o
LOAD ./Core/Src/stm32f1xx_hal_msp.o
LOAD ./Core/Src/stm32f1xx_it.o
LOAD ./Core/Src/syscalls.o
LOAD ./Core/Src/sysmem.o
LOAD ./Core/Src/system_stm32f1xx.o
LOAD ./Core/Startup/startup_stm32f103c6tx.o
LOAD ./Drivers/STM32F1xx_HAL_Driver/Src/stm32f1xx_hal.o
LOAD ./Drivers/STM32F1xx_HAL_Driver/Src/stm32f1xx_hal_cortex.o
LOAD ./Drivers/STM32F1xx_HAL_Driver/Src/stm32f1xx_hal_dma.o
LOAD ./Drivers/STM32F1xx_HAL_Driver/Src/stm32f1xx_hal_exti.o
LOAD ./Drivers/STM32F1xx_HAL_Driver/Src/stm32f1xx_hal_flash.o
LOAD ./Drivers/STM32F1xx_HAL_Driver/Src/stm32f1xx_hal_flash_ex.o
LOAD ./Drivers/STM32F1xx_HAL_Driver/Src/stm32f1xx_hal_gpio.o
LOAD ./Drivers/STM32F1xx_HAL_Driver/Src/stm32f1xx_hal_gpio_ex.o
LOAD ./Drivers/STM32F1xx_HAL_Driver/Src/stm32f1xx_hal_pwr.o
LOAD ./Drivers/STM32F1xx_HAL_Driver/Src/stm32f1xx_hal_rcc.o
LOAD ./Drivers/STM32F1xx_HAL_Driver/Src/stm32f1xx_hal_rcc_ex.o
LOAD ./Drivers/STM32F1xx_HAL_Driver/Src/stm32f1xx_hal_tim.o
LOAD ./Drivers/STM32F1xx_HAL_Driver/Src/stm32f1xx_hal_tim_ex.o
START GROUP
LOAD c:/st/stm32cubeide_1.10.1/stm32cubeide/plugins/com.st.stm32cube.ide.mcu.externaltools.gnu-tools-for-stm32.10.3-2021.10.win32_1.0.0.202111181127/tools/bin/../lib/gcc/arm-none-eabi/10.3.1/../../../../arm-none-eabi/lib/thumb/v7-m/nofp\libc_nano.a
LOAD c:/st/stm32cubeide_1.10.1/stm32cubeide/plugins/com.st.stm32cube.ide.mcu.externaltools.gnu-tools-for-stm32.10.3-2021.10.win32_1.0.0.202111181127/tools/bin/../lib/gcc/arm-none-eabi/10.3.1/../../../../arm-none-eabi/lib/thumb/v7-m/nofp\libm.a
END GROUP
START GROUP
LOAD c:/st/stm32cubeide_1.10.1/stm32cubeide/plugins/com.st.stm32cube.ide.mcu.externaltools.gnu-tools-for-stm32.10.3-2021.10.win32_1.0.0.202111181127/tools/bin/../lib/gcc/arm-none-eabi/10.3.1/thumb/v7-m/nofp\libgcc.a
LOAD c:/st/stm32cubeide_1.10.1/stm32cubeide/plugins/com.st.stm32cube.ide.mcu.externaltools.gnu-tools-for-stm32.10.3-2021.10.win32_1.0.0.202111181127/tools/bin/../lib/gcc/arm-none-eabi/10.3.1/../../../../arm-none-eabi/lib/thumb/v7-m/nofp\libc_nano.a
END GROUP
START GROUP
LOAD c:/st/stm32cubeide_1.10.1/stm32cubeide/plugins/com.st.stm32cube.ide.mcu.externaltools.gnu-tools-for-stm32.10.3-2021.10.win32_1.0.0.202111181127/tools/bin/../lib/gcc/arm-none-eabi/10.3.1/thumb/v7-m/nofp\libgcc.a
LOAD c:/st/stm32cubeide_1.10.1/stm32cubeide/plugins/com.st.stm32cube.ide.mcu.externaltools.gnu-tools-for-stm32.10.3-2021.10.win32_1.0.0.202111181127/tools/bin/../lib/gcc/arm-none-eabi/10.3.1/../../../../arm-none-eabi/lib/thumb/v7-m/nofp\libc_nano.a
LOAD c:/st/stm32cubeide_1.10.1/stm32cubeide/plugins/com.st.stm32cube.ide.mcu.externaltools.gnu-tools-for-stm32.10.3-2021.10.win32_1.0.0.202111181127/tools/bin/../lib/gcc/arm-none-eabi/10.3.1/../../../../arm-none-eabi/lib/thumb/v7-m/nofp\libnosys.a
END GROUP
START GROUP
LOAD c:/st/stm32cubeide_1.10.1/stm32cubeide/plugins/com.st.stm32cube.ide.mcu.externaltools.gnu-tools-for-stm32.10.3-2021.10.win32_1.0.0.202111181127/tools/bin/../lib/gcc/arm-none-eabi/10.3.1/thumb/v7-m/nofp\libgcc.a
LOAD c:/st/stm32cubeide_1.10.1/stm32cubeide/plugins/com.st.stm32cube.ide.mcu.externaltools.gnu-tools-for-stm32.10.3-2021.10.win32_1.0.0.202111181127/tools/bin/../lib/gcc/arm-none-eabi/10.3.1/../../../../arm-none-eabi/lib/thumb/v7-m/nofp\libc_nano.a
LOAD c:/st/stm32cubeide_1.10.1/stm32cubeide/plugins/com.st.stm32cube.ide.mcu.externaltools.gnu-tools-for-stm32.10.3-2021.10.win32_1.0.0.202111181127/tools/bin/../lib/gcc/arm-none-eabi/10.3.1/../../../../arm-none-eabi/lib/thumb/v7-m/nofp\libnosys.a
END GROUP
LOAD c:/st/stm32cubeide_1.10.1/stm32cubeide/plugins/com.st.stm32cube.ide.mcu.externaltools.gnu-tools-for-stm32.10.3-2021.10.win32_1.0.0.202111181127/tools/bin/../lib/gcc/arm-none-eabi/10.3.1/thumb/v7-m/nofp/crtend.o
LOAD c:/st/stm32cubeide_1.10.1/stm32cubeide/plugins/com.st.stm32cube.ide.mcu.externaltools.gnu-tools-for-stm32.10.3-2021.10.win32_1.0.0.202111181127/tools/bin/../lib/gcc/arm-none-eabi/10.3.1/thumb/v7-m/nofp/crtn.o
                0x0000000020002800                _estack = (ORIGIN (RAM) + LENGTH (RAM))
                0x0000000000000200                _Min_Heap_Size = 0x200
                0x0000000000000400                _Min_Stack_Size = 0x400

.isr_vector     0x0000000008000000      0x10c
                0x0000000008000000                . = ALIGN (0x4)
 *(.isr_vector)
 .isr_vector    0x0000000008000000      0x10c ./Core/Startup/startup_stm32f103c6tx.o
                0x0000000008000000                g_pfnVectors
                0x000000000800010c                . = ALIGN (0x4)

.text           0x000000000800010c     0x17b4
                0x000000000800010c                . = ALIGN (0x4)
 *(.text)
 .text          0x000000000800010c       0x40 c:/st/stm32cubeide_1.10.1/stm32cubeide/plugins/com.st.stm32cube.ide.mcu.externaltools.gnu-tools-for-stm32.10.3-2021.10.win32_1.0.0.202111181127/tools/bin/../lib/gcc/arm-none-eabi/10.3.1/thumb/v7-m/nofp/crtbegin.o
 *(.text*)
 .text.LiquidCrystal
                0x000000000800014c       0x94 ./Core/Src/LiquidCrystal.o
                0x000000000800014c                LiquidCrystal
 .text.init     0x00000000080001e0       0x9c ./Core/Src/LiquidCrystal.o
                0x00000000080001e0                init
 .text.begin    0x000000000800027c      0x220 ./Core/Src/LiquidCrystal.o
                0x000000000800027c                begin
 .text.enableClock
                0x000000000800049c       0xdc ./Core/Src/LiquidCrystal.o
                0x000000000800049c                enableClock
 .text.setRowOffsets
                0x0000000008000578       0x3c ./Core/Src/LiquidCrystal.o
                0x0000000008000578                setRowOffsets
 .text.clear    0x00000000080005b4       0x14 ./Core/Src/LiquidCrystal.o
                0x00000000080005b4                clear
 .text.setCursor
                0x00000000080005c8       0x64 ./Core/Src/LiquidCrystal.o
                0x00000000080005c8                setCursor
 .text.display  0x000000000800062c       0x2c ./Core/Src/LiquidCrystal.o
                0x000000000800062c                display
 .text.createChar
                0x0000000008000658       0x52 ./Core/Src/LiquidCrystal.o
                0x0000000008000658                createChar
 .text.command  0x00000000080006aa       0x1c ./Core/Src/LiquidCrystal.o
                0x00000000080006aa                command
 .text.write    0x00000000080006c6       0x1e ./Core/Src/LiquidCrystal.o
                0x00000000080006c6                write
 .text.send     0x00000000080006e4       0x7c ./Core/Src/LiquidCrystal.o
                0x00000000080006e4                send
 .text.pulseEnable
                0x0000000008000760       0x54 ./Core/Src/LiquidCrystal.o
                0x0000000008000760                pulseEnable
 .text.write4bits
                0x00000000080007b4       0x54 ./Core/Src/LiquidCrystal.o
                0x00000000080007b4                write4bits
 .text.write8bits
                0x0000000008000808       0x54 ./Core/Src/LiquidCrystal.o
                0x0000000008000808                write8bits
 .text.main     0x000000000800085c       0x9c ./Core/Src/main.o
                0x000000000800085c                main
 .text.SystemClock_Config
                0x00000000080008f8       0x76 ./Core/Src/main.o
                0x00000000080008f8                SystemClock_Config
 .text.Error_Handler
                0x000000000800096e        0xa ./Core/Src/main.o
                0x000000000800096e                Error_Handler
 .text.HAL_MspInit
                0x0000000008000978       0x64 ./Core/Src/stm32f1xx_hal_msp.o
                0x0000000008000978                HAL_MspInit
 .text.NMI_Handler
                0x00000000080009dc        0x6 ./Core/Src/stm32f1xx_it.o
                0x00000000080009dc                NMI_Handler
 .text.HardFault_Handler
                0x00000000080009e2        0x6 ./Core/Src/stm32f1xx_it.o
                0x00000000080009e2                HardFault_Handler
 .text.MemManage_Handler
                0x00000000080009e8        0x6 ./Core/Src/stm32f1xx_it.o
                0x00000000080009e8                MemManage_Handler
 .text.BusFault_Handler
                0x00000000080009ee        0x6 ./Core/Src/stm32f1xx_it.o
                0x00000000080009ee                BusFault_Handler
 .text.UsageFault_Handler
                0x00000000080009f4        0x6 ./Core/Src/stm32f1xx_it.o
                0x00000000080009f4                UsageFault_Handler
 .text.SVC_Handler
                0x00000000080009fa        0xc ./Core/Src/stm32f1xx_it.o
                0x00000000080009fa                SVC_Handler
 .text.DebugMon_Handler
                0x0000000008000a06        0xc ./Core/Src/stm32f1xx_it.o
                0x0000000008000a06                DebugMon_Handler
 .text.PendSV_Handler
                0x0000000008000a12        0xc ./Core/Src/stm32f1xx_it.o
                0x0000000008000a12                PendSV_Handler
 .text.SysTick_Handler
                0x0000000008000a1e        0xc ./Core/Src/stm32f1xx_it.o
                0x0000000008000a1e                SysTick_Handler
 .text.SystemInit
                0x0000000008000a2a        0xc ./Core/Src/system_stm32f1xx.o
                0x0000000008000a2a                SystemInit
 *fill*         0x0000000008000a36        0x2 
 .text.Reset_Handler
                0x0000000008000a38       0x48 ./Core/Startup/startup_stm32f103c6tx.o
                0x0000000008000a38                Reset_Handler
 .text.Default_Handler
                0x0000000008000a80        0x2 ./Core/Startup/startup_stm32f103c6tx.o
                0x0000000008000a80                RTC_Alarm_IRQHandler
                0x0000000008000a80                EXTI2_IRQHandler
                0x0000000008000a80                TIM1_CC_IRQHandler
                0x0000000008000a80                PVD_IRQHandler
                0x0000000008000a80                EXTI3_IRQHandler
                0x0000000008000a80                EXTI0_IRQHandler
                0x0000000008000a80                ADC1_2_IRQHandler
                0x0000000008000a80                SPI1_IRQHandler
                0x0000000008000a80                TAMPER_IRQHandler
                0x0000000008000a80                DMA1_Channel4_IRQHandler
                0x0000000008000a80                RTC_IRQHandler
                0x0000000008000a80                DMA1_Channel7_IRQHandler
                0x0000000008000a80                CAN1_RX1_IRQHandler
                0x0000000008000a80                I2C1_EV_IRQHandler
                0x0000000008000a80                DMA1_Channel6_IRQHandler
                0x0000000008000a80                TIM3_IRQHandler
                0x0000000008000a80                RCC_IRQHandler
                0x0000000008000a80                TIM1_TRG_COM_IRQHandler
                0x0000000008000a80                DMA1_Channel1_IRQHandler
                0x0000000008000a80                Default_Handler
                0x0000000008000a80                EXTI15_10_IRQHandler
                0x0000000008000a80                EXTI9_5_IRQHandler
                0x0000000008000a80                DMA1_Channel5_IRQHandler
                0x0000000008000a80                EXTI4_IRQHandler
                0x0000000008000a80                USB_LP_CAN1_RX0_IRQHandler
                0x0000000008000a80                USB_HP_CAN1_TX_IRQHandler
                0x0000000008000a80                DMA1_Channel3_IRQHandler
                0x0000000008000a80                TIM1_UP_IRQHandler
                0x0000000008000a80                WWDG_IRQHandler
                0x0000000008000a80                TIM2_IRQHandler
                0x0000000008000a80                TIM1_BRK_IRQHandler
                0x0000000008000a80                EXTI1_IRQHandler
                0x0000000008000a80                USART2_IRQHandler
                0x0000000008000a80                DMA1_Channel2_IRQHandler
                0x0000000008000a80                CAN1_SCE_IRQHandler
                0x0000000008000a80                FLASH_IRQHandler
                0x0000000008000a80                USART1_IRQHandler
                0x0000000008000a80                I2C1_ER_IRQHandler
                0x0000000008000a80                USBWakeUp_IRQHandler
 *fill*         0x0000000008000a82        0x2 
 .text.HAL_Init
                0x0000000008000a84       0x2c ./Drivers/STM32F1xx_HAL_Driver/Src/stm32f1xx_hal.o
                0x0000000008000a84                HAL_Init
 .text.HAL_InitTick
                0x0000000008000ab0       0x60 ./Drivers/STM32F1xx_HAL_Driver/Src/stm32f1xx_hal.o
                0x0000000008000ab0                HAL_InitTick
 .text.HAL_IncTick
                0x0000000008000b10       0x24 ./Drivers/STM32F1xx_HAL_Driver/Src/stm32f1xx_hal.o
                0x0000000008000b10                HAL_IncTick
 .text.HAL_GetTick
                0x0000000008000b34       0x14 ./Drivers/STM32F1xx_HAL_Driver/Src/stm32f1xx_hal.o
                0x0000000008000b34                HAL_GetTick
 .text.HAL_Delay
                0x0000000008000b48       0x48 ./Drivers/STM32F1xx_HAL_Driver/Src/stm32f1xx_hal.o
                0x0000000008000b48                HAL_Delay
 .text.__NVIC_SetPriorityGrouping
                0x0000000008000b90       0x48 ./Drivers/STM32F1xx_HAL_Driver/Src/stm32f1xx_hal_cortex.o
 .text.__NVIC_GetPriorityGrouping
                0x0000000008000bd8       0x1c ./Drivers/STM32F1xx_HAL_Driver/Src/stm32f1xx_hal_cortex.o
 .text.__NVIC_SetPriority
                0x0000000008000bf4       0x54 ./Drivers/STM32F1xx_HAL_Driver/Src/stm32f1xx_hal_cortex.o
 .text.NVIC_EncodePriority
                0x0000000008000c48       0x64 ./Drivers/STM32F1xx_HAL_Driver/Src/stm32f1xx_hal_cortex.o
 .text.SysTick_Config
                0x0000000008000cac       0x44 ./Drivers/STM32F1xx_HAL_Driver/Src/stm32f1xx_hal_cortex.o
 .text.HAL_NVIC_SetPriorityGrouping
                0x0000000008000cf0       0x16 ./Drivers/STM32F1xx_HAL_Driver/Src/stm32f1xx_hal_cortex.o
                0x0000000008000cf0                HAL_NVIC_SetPriorityGrouping
 .text.HAL_NVIC_SetPriority
                0x0000000008000d06       0x38 ./Drivers/STM32F1xx_HAL_Driver/Src/stm32f1xx_hal_cortex.o
                0x0000000008000d06                HAL_NVIC_SetPriority
 .text.HAL_SYSTICK_Config
                0x0000000008000d3e       0x18 ./Drivers/STM32F1xx_HAL_Driver/Src/stm32f1xx_hal_cortex.o
                0x0000000008000d3e                HAL_SYSTICK_Config
 *fill*         0x0000000008000d56        0x2 
 .text.HAL_GPIO_Init
                0x0000000008000d58      0x2f8 ./Drivers/STM32F1xx_HAL_Driver/Src/stm32f1xx_hal_gpio.o
                0x0000000008000d58                HAL_GPIO_Init
 .text.HAL_GPIO_WritePin
                0x0000000008001050       0x30 ./Drivers/STM32F1xx_HAL_Driver/Src/stm32f1xx_hal_gpio.o
                0x0000000008001050                HAL_GPIO_WritePin
 .text.HAL_RCC_OscConfig
                0x0000000008001080      0x504 ./Drivers/STM32F1xx_HAL_Driver/Src/stm32f1xx_hal_rcc.o
                0x0000000008001080                HAL_RCC_OscConfig
 .text.HAL_RCC_ClockConfig
                0x0000000008001584      0x1d4 ./Drivers/STM32F1xx_HAL_Driver/Src/stm32f1xx_hal_rcc.o
                0x0000000008001584                HAL_RCC_ClockConfig
 .text.HAL_RCC_GetSysClockFreq
                0x0000000008001758       0xbc ./Drivers/STM32F1xx_HAL_Driver/Src/stm32f1xx_hal_rcc.o
                0x0000000008001758                HAL_RCC_GetSysClockFreq
 .text.RCC_Delay
                0x0000000008001814       0x3c ./Drivers/STM32F1xx_HAL_Driver/Src/stm32f1xx_hal_rcc.o
 .text.__libc_init_array
                0x0000000008001850       0x48 c:/st/stm32cubeide_1.10.1/stm32cubeide/plugins/com.st.stm32cube.ide.mcu.externaltools.gnu-tools-for-stm32.10.3-2021.10.win32_1.0.0.202111181127/tools/bin/../lib/gcc/arm-none-eabi/10.3.1/../../../../arm-none-eabi/lib/thumb/v7-m/nofp\libc_nano.a(lib_a-init.o)
                0x0000000008001850                __libc_init_array
 .text.memset   0x0000000008001898       0x10 c:/st/stm32cubeide_1.10.1/stm32cubeide/plugins/com.st.stm32cube.ide.mcu.externaltools.gnu-tools-for-stm32.10.3-2021.10.win32_1.0.0.202111181127/tools/bin/../lib/gcc/arm-none-eabi/10.3.1/../../../../arm-none-eabi/lib/thumb/v7-m/nofp\libc_nano.a(lib_a-memset.o)
                0x0000000008001898                memset
 *(.glue_7)
 .glue_7        0x00000000080018a8        0x0 linker stubs
 *(.glue_7t)
 .glue_7t       0x00000000080018a8        0x0 linker stubs
 *(.eh_frame)
 .eh_frame      0x00000000080018a8        0x0 c:/st/stm32cubeide_1.10.1/stm32cubeide/plugins/com.st.stm32cube.ide.mcu.externaltools.gnu-tools-for-stm32.10.3-2021.10.win32_1.0.0.202111181127/tools/bin/../lib/gcc/arm-none-eabi/10.3.1/thumb/v7-m/nofp/crtbegin.o
 *(.init)
 .init          0x00000000080018a8        0x4 c:/st/stm32cubeide_1.10.1/stm32cubeide/plugins/com.st.stm32cube.ide.mcu.externaltools.gnu-tools-for-stm32.10.3-2021.10.win32_1.0.0.202111181127/tools/bin/../lib/gcc/arm-none-eabi/10.3.1/thumb/v7-m/nofp/crti.o
                0x00000000080018a8                _init
 .init          0x00000000080018ac        0x8 c:/st/stm32cubeide_1.10.1/stm32cubeide/plugins/com.st.stm32cube.ide.mcu.externaltools.gnu-tools-for-stm32.10.3-2021.10.win32_1.0.0.202111181127/tools/bin/../lib/gcc/arm-none-eabi/10.3.1/thumb/v7-m/nofp/crtn.o
 *(.fini)
 .fini          0x00000000080018b4        0x4 c:/st/stm32cubeide_1.10.1/stm32cubeide/plugins/com.st.stm32cube.ide.mcu.externaltools.gnu-tools-for-stm32.10.3-2021.10.win32_1.0.0.202111181127/tools/bin/../lib/gcc/arm-none-eabi/10.3.1/thumb/v7-m/nofp/crti.o
                0x00000000080018b4                _fini
 .fini          0x00000000080018b8        0x8 c:/st/stm32cubeide_1.10.1/stm32cubeide/plugins/com.st.stm32cube.ide.mcu.externaltools.gnu-tools-for-stm32.10.3-2021.10.win32_1.0.0.202111181127/tools/bin/../lib/gcc/arm-none-eabi/10.3.1/thumb/v7-m/nofp/crtn.o
                0x00000000080018c0                . = ALIGN (0x4)
                0x00000000080018c0                _etext = .

.vfp11_veneer   0x00000000080018c0        0x0
 .vfp11_veneer  0x00000000080018c0        0x0 linker stubs

.v4_bx          0x00000000080018c0        0x0
 .v4_bx         0x00000000080018c0        0x0 linker stubs

.iplt           0x00000000080018c0        0x0
 .iplt          0x00000000080018c0        0x0 c:/st/stm32cubeide_1.10.1/stm32cubeide/plugins/com.st.stm32cube.ide.mcu.externaltools.gnu-tools-for-stm32.10.3-2021.10.win32_1.0.0.202111181127/tools/bin/../lib/gcc/arm-none-eabi/10.3.1/thumb/v7-m/nofp/crtbegin.o

.rodata         0x00000000080018c0       0x20
                0x00000000080018c0                . = ALIGN (0x4)
 *(.rodata)
 .rodata        0x00000000080018c0       0x10 ./Drivers/STM32F1xx_HAL_Driver/Src/stm32f1xx_hal_rcc.o
 *(.rodata*)
 .rodata.AHBPrescTable
                0x00000000080018d0       0x10 ./Core/Src/system_stm32f1xx.o
                0x00000000080018d0                AHBPrescTable
                0x00000000080018e0                . = ALIGN (0x4)

.rel.dyn        0x00000000080018e0        0x0
 .rel.iplt      0x00000000080018e0        0x0 c:/st/stm32cubeide_1.10.1/stm32cubeide/plugins/com.st.stm32cube.ide.mcu.externaltools.gnu-tools-for-stm32.10.3-2021.10.win32_1.0.0.202111181127/tools/bin/../lib/gcc/arm-none-eabi/10.3.1/thumb/v7-m/nofp/crtbegin.o

.ARM.extab      0x00000000080018e0        0x0
                0x00000000080018e0                . = ALIGN (0x4)
 *(.ARM.extab* .gnu.linkonce.armextab.*)
                0x00000000080018e0                . = ALIGN (0x4)

.ARM            0x00000000080018e0        0x0
                0x00000000080018e0                . = ALIGN (0x4)
                0x00000000080018e0                __exidx_start = .
 *(.ARM.exidx*)
                0x00000000080018e0                __exidx_end = .
                0x00000000080018e0                . = ALIGN (0x4)

.preinit_array  0x00000000080018e0        0x0
                0x00000000080018e0                . = ALIGN (0x4)
                0x00000000080018e0                PROVIDE (__preinit_array_start = .)
 *(.preinit_array*)
                0x00000000080018e0                PROVIDE (__preinit_array_end = .)
                0x00000000080018e0                . = ALIGN (0x4)

.init_array     0x00000000080018e0        0x4
                0x00000000080018e0                . = ALIGN (0x4)
                0x00000000080018e0                PROVIDE (__init_array_start = .)
 *(SORT_BY_NAME(.init_array.*))
 *(.init_array*)
 .init_array    0x00000000080018e0        0x4 c:/st/stm32cubeide_1.10.1/stm32cubeide/plugins/com.st.stm32cube.ide.mcu.externaltools.gnu-tools-for-stm32.10.3-2021.10.win32_1.0.0.202111181127/tools/bin/../lib/gcc/arm-none-eabi/10.3.1/thumb/v7-m/nofp/crtbegin.o
                0x00000000080018e4                PROVIDE (__init_array_end = .)
                0x00000000080018e4                . = ALIGN (0x4)

.fini_array     0x00000000080018e4        0x4
                0x00000000080018e4                . = ALIGN (0x4)
                [!provide]                        PROVIDE (__fini_array_start = .)
 *(SORT_BY_NAME(.fini_array.*))
 *(.fini_array*)
 .fini_array    0x00000000080018e4        0x4 c:/st/stm32cubeide_1.10.1/stm32cubeide/plugins/com.st.stm32cube.ide.mcu.externaltools.gnu-tools-for-stm32.10.3-2021.10.win32_1.0.0.202111181127/tools/bin/../lib/gcc/arm-none-eabi/10.3.1/thumb/v7-m/nofp/crtbegin.o
                [!provide]                        PROVIDE (__fini_array_end = .)
                0x00000000080018e8                . = ALIGN (0x4)
                0x00000000080018e8                _sidata = LOADADDR (.data)

.data           0x0000000020000000       0x30 load address 0x00000000080018e8
                0x0000000020000000                . = ALIGN (0x4)
                0x0000000020000000                _sdata = .
 *(.data)
 *(.data*)
 .data._fourbit_mode
                0x0000000020000000        0x1 ./Core/Src/LiquidCrystal.o
                0x0000000020000000                _fourbit_mode
 *fill*         0x0000000020000001        0x3 
 .data.dino     0x0000000020000004        0x8 ./Core/Src/main.o
                0x0000000020000004                dino
 .data.cacti    0x000000002000000c        0x8 ./Core/Src/main.o
                0x000000002000000c                cacti
 .data.bird     0x0000000020000014        0x8 ./Core/Src/main.o
                0x0000000020000014                bird
 .data.block    0x000000002000001c        0x8 ./Core/Src/main.o
                0x000000002000001c                block
 .data.SystemCoreClock
                0x0000000020000024        0x4 ./Core/Src/system_stm32f1xx.o
                0x0000000020000024                SystemCoreClock
 .data.uwTickPrio
                0x0000000020000028        0x4 ./Drivers/STM32F1xx_HAL_Driver/Src/stm32f1xx_hal.o
                0x0000000020000028                uwTickPrio
 .data.uwTickFreq
                0x000000002000002c        0x1 ./Drivers/STM32F1xx_HAL_Driver/Src/stm32f1xx_hal.o
                0x000000002000002c                uwTickFreq
 *(.RamFunc)
 *(.RamFunc*)
                0x0000000020000030                . = ALIGN (0x4)
 *fill*         0x000000002000002d        0x3 
                0x0000000020000030                _edata = .

.igot.plt       0x0000000020000030        0x0 load address 0x0000000008001918
 .igot.plt      0x0000000020000030        0x0 c:/st/stm32cubeide_1.10.1/stm32cubeide/plugins/com.st.stm32cube.ide.mcu.externaltools.gnu-tools-for-stm32.10.3-2021.10.win32_1.0.0.202111181127/tools/bin/../lib/gcc/arm-none-eabi/10.3.1/thumb/v7-m/nofp/crtbegin.o
                0x0000000020000030                . = ALIGN (0x4)

.bss            0x0000000020000030       0x44 load address 0x0000000008001918
                0x0000000020000030                _sbss = .
                0x0000000020000030                __bss_start__ = _sbss
 *(.bss)
 .bss           0x0000000020000030       0x1c c:/st/stm32cubeide_1.10.1/stm32cubeide/plugins/com.st.stm32cube.ide.mcu.externaltools.gnu-tools-for-stm32.10.3-2021.10.win32_1.0.0.202111181127/tools/bin/../lib/gcc/arm-none-eabi/10.3.1/thumb/v7-m/nofp/crtbegin.o
 *(.bss*)
 .bss.dotsize   0x000000002000004c        0x1 ./Core/Src/LiquidCrystal.o
                0x000000002000004c                dotsize
 *fill*         0x000000002000004d        0x1 
 .bss._rs_pin   0x000000002000004e        0x2 ./Core/Src/LiquidCrystal.o
                0x000000002000004e                _rs_pin
 .bss._rw_pin   0x0000000020000050        0x2 ./Core/Src/LiquidCrystal.o
                0x0000000020000050                _rw_pin
 .bss._enable_pin
                0x0000000020000052        0x2 ./Core/Src/LiquidCrystal.o
                0x0000000020000052                _enable_pin
 .bss._data_pins
                0x0000000020000054       0x10 ./Core/Src/LiquidCrystal.o
                0x0000000020000054                _data_pins
 .bss._port     0x0000000020000064        0x4 ./Core/Src/LiquidCrystal.o
                0x0000000020000064                _port
 .bss._displayfunction
                0x0000000020000068        0x1 ./Core/Src/LiquidCrystal.o
                0x0000000020000068                _displayfunction
 .bss._displaycontrol
                0x0000000020000069        0x1 ./Core/Src/LiquidCrystal.o
                0x0000000020000069                _displaycontrol
 .bss._displaymode
                0x000000002000006a        0x1 ./Core/Src/LiquidCrystal.o
                0x000000002000006a                _displaymode
 .bss._numlines
                0x000000002000006b        0x1 ./Core/Src/LiquidCrystal.o
                0x000000002000006b                _numlines
 .bss._row_offsets
                0x000000002000006c        0x4 ./Core/Src/LiquidCrystal.o
                0x000000002000006c                _row_offsets
 .bss.uwTick    0x0000000020000070        0x4 ./Drivers/STM32F1xx_HAL_Driver/Src/stm32f1xx_hal.o
                0x0000000020000070                uwTick
 *(COMMON)
                0x0000000020000074                . = ALIGN (0x4)
                0x0000000020000074                _ebss = .
                0x0000000020000074                __bss_end__ = _ebss

._user_heap_stack
                0x0000000020000074      0x604 load address 0x0000000008001918
                0x0000000020000078                . = ALIGN (0x8)
 *fill*         0x0000000020000074        0x4 
                [!provide]                        PROVIDE (end = .)
                0x0000000020000078                PROVIDE (_end = .)
                0x0000000020000278                . = (. + _Min_Heap_Size)
 *fill*         0x0000000020000078      0x200 
                0x0000000020000678                . = (. + _Min_Stack_Size)
 *fill*         0x0000000020000278      0x400 
                0x0000000020000678                . = ALIGN (0x8)

/DISCARD/
 libc.a(*)
 libm.a(*)
 libgcc.a(*)

.ARM.attributes
                0x0000000000000000       0x29
 *(.ARM.attributes)
 .ARM.attributes
                0x0000000000000000       0x1d c:/st/stm32cubeide_1.10.1/stm32cubeide/plugins/com.st.stm32cube.ide.mcu.externaltools.gnu-tools-for-stm32.10.3-2021.10.win32_1.0.0.202111181127/tools/bin/../lib/gcc/arm-none-eabi/10.3.1/thumb/v7-m/nofp/crti.o
 .ARM.attributes
                0x000000000000001d       0x2d c:/st/stm32cubeide_1.10.1/stm32cubeide/plugins/com.st.stm32cube.ide.mcu.externaltools.gnu-tools-for-stm32.10.3-2021.10.win32_1.0.0.202111181127/tools/bin/../lib/gcc/arm-none-eabi/10.3.1/thumb/v7-m/nofp/crtbegin.o
 .ARM.attributes
                0x000000000000004a       0x2d ./Core/Src/LiquidCrystal.o
 .ARM.attributes
                0x0000000000000077       0x2d ./Core/Src/main.o
 .ARM.attributes
                0x00000000000000a4       0x2d ./Core/Src/stm32f1xx_hal_msp.o
 .ARM.attributes
                0x00000000000000d1       0x2d ./Core/Src/stm32f1xx_it.o
 .ARM.attributes
                0x00000000000000fe       0x2d ./Core/Src/system_stm32f1xx.o
 .ARM.attributes
                0x000000000000012b       0x21 ./Core/Startup/startup_stm32f103c6tx.o
 .ARM.attributes
                0x000000000000014c       0x2d ./Drivers/STM32F1xx_HAL_Driver/Src/stm32f1xx_hal.o
 .ARM.attributes
                0x0000000000000179       0x2d ./Drivers/STM32F1xx_HAL_Driver/Src/stm32f1xx_hal_cortex.o
 .ARM.attributes
                0x00000000000001a6       0x2d ./Drivers/STM32F1xx_HAL_Driver/Src/stm32f1xx_hal_gpio.o
 .ARM.attributes
                0x00000000000001d3       0x2d ./Drivers/STM32F1xx_HAL_Driver/Src/stm32f1xx_hal_rcc.o
 .ARM.attributes
                0x0000000000000200       0x2d c:/st/stm32cubeide_1.10.1/stm32cubeide/plugins/com.st.stm32cube.ide.mcu.externaltools.gnu-tools-for-stm32.10.3-2021.10.win32_1.0.0.202111181127/tools/bin/../lib/gcc/arm-none-eabi/10.3.1/../../../../arm-none-eabi/lib/thumb/v7-m/nofp\libc_nano.a(lib_a-init.o)
 .ARM.attributes
                0x000000000000022d       0x2d c:/st/stm32cubeide_1.10.1/stm32cubeide/plugins/com.st.stm32cube.ide.mcu.externaltools.gnu-tools-for-stm32.10.3-2021.10.win32_1.0.0.202111181127/tools/bin/../lib/gcc/arm-none-eabi/10.3.1/../../../../arm-none-eabi/lib/thumb/v7-m/nofp\libc_nano.a(lib_a-memset.o)
 .ARM.attributes
                0x000000000000025a       0x1d c:/st/stm32cubeide_1.10.1/stm32cubeide/plugins/com.st.stm32cube.ide.mcu.externaltools.gnu-tools-for-stm32.10.3-2021.10.win32_1.0.0.202111181127/tools/bin/../lib/gcc/arm-none-eabi/10.3.1/thumb/v7-m/nofp/crtn.o
OUTPUT(JogoLCD.elf elf32-littlearm)
LOAD linker stubs
LOAD c:/st/stm32cubeide_1.10.1/stm32cubeide/plugins/com.st.stm32cube.ide.mcu.externaltools.gnu-tools-for-stm32.10.3-2021.10.win32_1.0.0.202111181127/tools/bin/../lib/gcc/arm-none-eabi/10.3.1/../../../../arm-none-eabi/lib/thumb/v7-m/nofp\libc.a
LOAD c:/st/stm32cubeide_1.10.1/stm32cubeide/plugins/com.st.stm32cube.ide.mcu.externaltools.gnu-tools-for-stm32.10.3-2021.10.win32_1.0.0.202111181127/tools/bin/../lib/gcc/arm-none-eabi/10.3.1/../../../../arm-none-eabi/lib/thumb/v7-m/nofp\libm.a
LOAD c:/st/stm32cubeide_1.10.1/stm32cubeide/plugins/com.st.stm32cube.ide.mcu.externaltools.gnu-tools-for-stm32.10.3-2021.10.win32_1.0.0.202111181127/tools/bin/../lib/gcc/arm-none-eabi/10.3.1/thumb/v7-m/nofp\libgcc.a

.debug_info     0x0000000000000000     0x344f
 .debug_info    0x0000000000000000      0x995 ./Core/Src/LiquidCrystal.o
 .debug_info    0x0000000000000995      0x49c ./Core/Src/main.o
 .debug_info    0x0000000000000e31      0x210 ./Core/Src/stm32f1xx_hal_msp.o
 .debug_info    0x0000000000001041      0x122 ./Core/Src/stm32f1xx_it.o
 .debug_info    0x0000000000001163      0x23d ./Core/Src/system_stm32f1xx.o
 .debug_info    0x00000000000013a0       0x22 ./Core/Startup/startup_stm32f103c6tx.o
 .debug_info    0x00000000000013c2      0x716 ./Drivers/STM32F1xx_HAL_Driver/Src/stm32f1xx_hal.o
 .debug_info    0x0000000000001ad8      0xb02 ./Drivers/STM32F1xx_HAL_Driver/Src/stm32f1xx_hal_cortex.o
 .debug_info    0x00000000000025da      0x615 ./Drivers/STM32F1xx_HAL_Driver/Src/stm32f1xx_hal_gpio.o
 .debug_info    0x0000000000002bef      0x860 ./Drivers/STM32F1xx_HAL_Driver/Src/stm32f1xx_hal_rcc.o

.debug_abbrev   0x0000000000000000     0x104b
 .debug_abbrev  0x0000000000000000      0x298 ./Core/Src/LiquidCrystal.o
 .debug_abbrev  0x0000000000000298      0x1d3 ./Core/Src/main.o
 .debug_abbrev  0x000000000000046b       0xd4 ./Core/Src/stm32f1xx_hal_msp.o
 .debug_abbrev  0x000000000000053f       0x74 ./Core/Src/stm32f1xx_it.o
 .debug_abbrev  0x00000000000005b3      0x13b ./Core/Src/system_stm32f1xx.o
 .debug_abbrev  0x00000000000006ee       0x12 ./Core/Startup/startup_stm32f103c6tx.o
 .debug_abbrev  0x0000000000000700      0x1fb ./Drivers/STM32F1xx_HAL_Driver/Src/stm32f1xx_hal.o
 .debug_abbrev  0x00000000000008fb      0x2ed ./Drivers/STM32F1xx_HAL_Driver/Src/stm32f1xx_hal_cortex.o
 .debug_abbrev  0x0000000000000be8      0x1bb ./Drivers/STM32F1xx_HAL_Driver/Src/stm32f1xx_hal_gpio.o
 .debug_abbrev  0x0000000000000da3      0x2a8 ./Drivers/STM32F1xx_HAL_Driver/Src/stm32f1xx_hal_rcc.o

.debug_aranges  0x0000000000000000      0x4c0
 .debug_aranges
                0x0000000000000000       0xf8 ./Core/Src/LiquidCrystal.o
 .debug_aranges
                0x00000000000000f8       0x30 ./Core/Src/main.o
 .debug_aranges
                0x0000000000000128       0x20 ./Core/Src/stm32f1xx_hal_msp.o
 .debug_aranges
                0x0000000000000148       0x60 ./Core/Src/stm32f1xx_it.o
 .debug_aranges
                0x00000000000001a8       0x28 ./Core/Src/system_stm32f1xx.o
 .debug_aranges
                0x00000000000001d0       0x28 ./Core/Startup/startup_stm32f103c6tx.o
 .debug_aranges
                0x00000000000001f8       0xe0 ./Drivers/STM32F1xx_HAL_Driver/Src/stm32f1xx_hal.o
 .debug_aranges
                0x00000000000002d8      0x100 ./Drivers/STM32F1xx_HAL_Driver/Src/stm32f1xx_hal_cortex.o
 .debug_aranges
                0x00000000000003d8       0x58 ./Drivers/STM32F1xx_HAL_Driver/Src/stm32f1xx_hal_gpio.o
 .debug_aranges
                0x0000000000000430       0x90 ./Drivers/STM32F1xx_HAL_Driver/Src/stm32f1xx_hal_rcc.o

.debug_ranges   0x0000000000000000      0x428
 .debug_ranges  0x0000000000000000       0xe8 ./Core/Src/LiquidCrystal.o
 .debug_ranges  0x00000000000000e8       0x20 ./Core/Src/main.o
 .debug_ranges  0x0000000000000108       0x10 ./Core/Src/stm32f1xx_hal_msp.o
 .debug_ranges  0x0000000000000118       0x50 ./Core/Src/stm32f1xx_it.o
 .debug_ranges  0x0000000000000168       0x18 ./Core/Src/system_stm32f1xx.o
 .debug_ranges  0x0000000000000180       0x20 ./Core/Startup/startup_stm32f103c6tx.o
 .debug_ranges  0x00000000000001a0       0xd0 ./Drivers/STM32F1xx_HAL_Driver/Src/stm32f1xx_hal.o
 .debug_ranges  0x0000000000000270       0xf0 ./Drivers/STM32F1xx_HAL_Driver/Src/stm32f1xx_hal_cortex.o
 .debug_ranges  0x0000000000000360       0x48 ./Drivers/STM32F1xx_HAL_Driver/Src/stm32f1xx_hal_gpio.o
 .debug_ranges  0x00000000000003a8       0x80 ./Drivers/STM32F1xx_HAL_Driver/Src/stm32f1xx_hal_rcc.o

.debug_macro    0x0000000000000000    0x1638e
 .debug_macro   0x0000000000000000      0x31b ./Core/Src/LiquidCrystal.o
 .debug_macro   0x000000000000031b      0xa6c ./Core/Src/LiquidCrystal.o
 .debug_macro   0x0000000000000d87      0x20f ./Core/Src/LiquidCrystal.o
 .debug_macro   0x0000000000000f96       0x2e ./Core/Src/LiquidCrystal.o
 .debug_macro   0x0000000000000fc4       0x22 ./Core/Src/LiquidCrystal.o
 .debug_macro   0x0000000000000fe6       0x22 ./Core/Src/LiquidCrystal.o
 .debug_macro   0x0000000000001008       0x8e ./Core/Src/LiquidCrystal.o
 .debug_macro   0x0000000000001096       0x51 ./Core/Src/LiquidCrystal.o
 .debug_macro   0x00000000000010e7      0x103 ./Core/Src/LiquidCrystal.o
 .debug_macro   0x00000000000011ea       0x6a ./Core/Src/LiquidCrystal.o
 .debug_macro   0x0000000000001254      0x1df ./Core/Src/LiquidCrystal.o
 .debug_macro   0x0000000000001433       0x1c ./Core/Src/LiquidCrystal.o
 .debug_macro   0x000000000000144f       0x22 ./Core/Src/LiquidCrystal.o
 .debug_macro   0x0000000000001471       0xbd ./Core/Src/LiquidCrystal.o
 .debug_macro   0x000000000000152e      0xd23 ./Core/Src/LiquidCrystal.o
 .debug_macro   0x0000000000002251     0xde75 ./Core/Src/LiquidCrystal.o
 .debug_macro   0x00000000000100c6       0x6d ./Core/Src/LiquidCrystal.o
 .debug_macro   0x0000000000010133     0x3468 ./Core/Src/LiquidCrystal.o
 .debug_macro   0x000000000001359b      0x174 ./Core/Src/LiquidCrystal.o
 .debug_macro   0x000000000001370f       0x5c ./Core/Src/LiquidCrystal.o
 .debug_macro   0x000000000001376b      0x5be ./Core/Src/LiquidCrystal.o
 .debug_macro   0x0000000000013d29      0x1b7 ./Core/Src/LiquidCrystal.o
 .debug_macro   0x0000000000013ee0      0x1cb ./Core/Src/LiquidCrystal.o
 .debug_macro   0x00000000000140ab      0x114 ./Core/Src/LiquidCrystal.o
 .debug_macro   0x00000000000141bf      0x1b2 ./Core/Src/LiquidCrystal.o
 .debug_macro   0x0000000000014371       0x27 ./Core/Src/LiquidCrystal.o
 .debug_macro   0x0000000000014398      0x12f ./Core/Src/LiquidCrystal.o
 .debug_macro   0x00000000000144c7      0x1bc ./Core/Src/LiquidCrystal.o
 .debug_macro   0x0000000000014683       0x34 ./Core/Src/LiquidCrystal.o
 .debug_macro   0x00000000000146b7       0x3c ./Core/Src/LiquidCrystal.o
 .debug_macro   0x00000000000146f3       0x57 ./Core/Src/LiquidCrystal.o
 .debug_macro   0x000000000001474a       0x88 ./Core/Src/LiquidCrystal.o
 .debug_macro   0x00000000000147d2      0x183 ./Core/Src/LiquidCrystal.o
 .debug_macro   0x0000000000014955      0x141 ./Core/Src/LiquidCrystal.o
 .debug_macro   0x0000000000014a96       0x69 ./Core/Src/LiquidCrystal.o
 .debug_macro   0x0000000000014aff       0xb8 ./Core/Src/LiquidCrystal.o
 .debug_macro   0x0000000000014bb7       0x52 ./Core/Src/LiquidCrystal.o
 .debug_macro   0x0000000000014c09       0x18 ./Core/Src/LiquidCrystal.o
 .debug_macro   0x0000000000014c21       0x3c ./Core/Src/LiquidCrystal.o
 .debug_macro   0x0000000000014c5d       0x34 ./Core/Src/LiquidCrystal.o
 .debug_macro   0x0000000000014c91       0x16 ./Core/Src/LiquidCrystal.o
 .debug_macro   0x0000000000014ca7       0x35 ./Core/Src/LiquidCrystal.o
 .debug_macro   0x0000000000014cdc      0x341 ./Core/Src/LiquidCrystal.o
 .debug_macro   0x000000000001501d       0x10 ./Core/Src/LiquidCrystal.o
 .debug_macro   0x000000000001502d       0x16 ./Core/Src/LiquidCrystal.o
 .debug_macro   0x0000000000015043       0x43 ./Core/Src/LiquidCrystal.o
 .debug_macro   0x0000000000015086       0x34 ./Core/Src/LiquidCrystal.o
 .debug_macro   0x00000000000150ba       0x10 ./Core/Src/LiquidCrystal.o
 .debug_macro   0x00000000000150ca       0x58 ./Core/Src/LiquidCrystal.o
 .debug_macro   0x0000000000015122       0x71 ./Core/Src/LiquidCrystal.o
 .debug_macro   0x0000000000015193       0x1c ./Core/Src/LiquidCrystal.o
 .debug_macro   0x00000000000151af      0x12a ./Core/Src/LiquidCrystal.o
 .debug_macro   0x00000000000152d9       0x10 ./Core/Src/LiquidCrystal.o
 .debug_macro   0x00000000000152e9       0x1c ./Core/Src/LiquidCrystal.o
 .debug_macro   0x0000000000015305       0x52 ./Core/Src/LiquidCrystal.o
 .debug_macro   0x0000000000015357       0x22 ./Core/Src/LiquidCrystal.o
 .debug_macro   0x0000000000015379       0x10 ./Core/Src/LiquidCrystal.o
 .debug_macro   0x0000000000015389       0x52 ./Core/Src/LiquidCrystal.o
 .debug_macro   0x00000000000153db       0xd5 ./Core/Src/LiquidCrystal.o
 .debug_macro   0x00000000000154b0       0x1c ./Core/Src/LiquidCrystal.o
 .debug_macro   0x00000000000154cc       0x3d ./Core/Src/LiquidCrystal.o
 .debug_macro   0x0000000000015509       0x16 ./Core/Src/LiquidCrystal.o
 .debug_macro   0x000000000001551f      0x145 ./Core/Src/LiquidCrystal.o
 .debug_macro   0x0000000000015664       0x16 ./Core/Src/LiquidCrystal.o
 .debug_macro   0x000000000001567a       0x20 ./Core/Src/LiquidCrystal.o
 .debug_macro   0x000000000001569a      0x1a0 ./Core/Src/main.o
 .debug_macro   0x000000000001583a      0x18d ./Core/Src/stm32f1xx_hal_msp.o
 .debug_macro   0x00000000000159c7      0x197 ./Core/Src/stm32f1xx_it.o
 .debug_macro   0x0000000000015b5e      0x183 ./Core/Src/system_stm32f1xx.o
 .debug_macro   0x0000000000015ce1      0x1a7 ./Drivers/STM32F1xx_HAL_Driver/Src/stm32f1xx_hal.o
 .debug_macro   0x0000000000015e88      0x183 ./Drivers/STM32F1xx_HAL_Driver/Src/stm32f1xx_hal_cortex.o
 .debug_macro   0x000000000001600b      0x1ee ./Drivers/STM32F1xx_HAL_Driver/Src/stm32f1xx_hal_gpio.o
 .debug_macro   0x00000000000161f9      0x195 ./Drivers/STM32F1xx_HAL_Driver/Src/stm32f1xx_hal_rcc.o

.debug_line     0x0000000000000000     0x51c4
 .debug_line    0x0000000000000000      0xcfb ./Core/Src/LiquidCrystal.o
 .debug_line    0x0000000000000cfb      0x6be ./Core/Src/main.o
 .debug_line    0x00000000000013b9      0x62a ./Core/Src/stm32f1xx_hal_msp.o
 .debug_line    0x00000000000019e3      0x6eb ./Core/Src/stm32f1xx_it.o
 .debug_line    0x00000000000020ce      0x6a7 ./Core/Src/system_stm32f1xx.o
 .debug_line    0x0000000000002775       0x87 ./Core/Startup/startup_stm32f103c6tx.o
 .debug_line    0x00000000000027fc      0x8d4 ./Drivers/STM32F1xx_HAL_Driver/Src/stm32f1xx_hal.o
 .debug_line    0x00000000000030d0      0xabc ./Drivers/STM32F1xx_HAL_Driver/Src/stm32f1xx_hal_cortex.o
 .debug_line    0x0000000000003b8c      0x956 ./Drivers/STM32F1xx_HAL_Driver/Src/stm32f1xx_hal_gpio.o
 .debug_line    0x00000000000044e2      0xce2 ./Drivers/STM32F1xx_HAL_Driver/Src/stm32f1xx_hal_rcc.o

.debug_str      0x0000000000000000    0x7d7b2
 .debug_str     0x0000000000000000    0x7c61c ./Core/Src/LiquidCrystal.o
                                      0x7c98a (size before relaxing)
 .debug_str     0x000000000007c61c      0x218 ./Core/Src/main.o
                                      0x78b10 (size before relaxing)
 .debug_str     0x000000000007c834       0x5a ./Core/Src/stm32f1xx_hal_msp.o
                                      0x786e6 (size before relaxing)
 .debug_str     0x000000000007c88e       0xc9 ./Core/Src/stm32f1xx_it.o
                                      0x786fb (size before relaxing)
 .debug_str     0x000000000007c957       0x7e ./Core/Src/system_stm32f1xx.o
                                      0x78711 (size before relaxing)
 .debug_str     0x000000000007c9d5       0x36 ./Core/Startup/startup_stm32f103c6tx.o
                                         0x50 (size before relaxing)
 .debug_str     0x000000000007ca0b      0x5cd ./Drivers/STM32F1xx_HAL_Driver/Src/stm32f1xx_hal.o
                                      0x78e0a (size before relaxing)
 .debug_str     0x000000000007cfd8      0x2bb ./Drivers/STM32F1xx_HAL_Driver/Src/stm32f1xx_hal_cortex.o
                                      0x78d56 (size before relaxing)
 .debug_str     0x000000000007d293      0x2f6 ./Drivers/STM32F1xx_HAL_Driver/Src/stm32f1xx_hal_gpio.o
                                      0x78a97 (size before relaxing)
 .debug_str     0x000000000007d589      0x229 ./Drivers/STM32F1xx_HAL_Driver/Src/stm32f1xx_hal_rcc.o
                                      0x78b40 (size before relaxing)

.comment        0x0000000000000000       0x50
 .comment       0x0000000000000000       0x50 ./Core/Src/LiquidCrystal.o
                                         0x51 (size before relaxing)
 .comment       0x0000000000000050       0x51 ./Core/Src/main.o
 .comment       0x0000000000000050       0x51 ./Core/Src/stm32f1xx_hal_msp.o
 .comment       0x0000000000000050       0x51 ./Core/Src/stm32f1xx_it.o
 .comment       0x0000000000000050       0x51 ./Core/Src/system_stm32f1xx.o
 .comment       0x0000000000000050       0x51 ./Drivers/STM32F1xx_HAL_Driver/Src/stm32f1xx_hal.o
 .comment       0x0000000000000050       0x51 ./Drivers/STM32F1xx_HAL_Driver/Src/stm32f1xx_hal_cortex.o
 .comment       0x0000000000000050       0x51 ./Drivers/STM32F1xx_HAL_Driver/Src/stm32f1xx_hal_gpio.o
 .comment       0x0000000000000050       0x51 ./Drivers/STM32F1xx_HAL_Driver/Src/stm32f1xx_hal_rcc.o

.debug_frame    0x0000000000000000     0x10a4
 .debug_frame   0x0000000000000000      0x394 ./Core/Src/LiquidCrystal.o
 .debug_frame   0x0000000000000394       0x6c ./Core/Src/main.o
 .debug_frame   0x0000000000000400       0x38 ./Core/Src/stm32f1xx_hal_msp.o
 .debug_frame   0x0000000000000438      0x104 ./Core/Src/stm32f1xx_it.o
 .debug_frame   0x000000000000053c       0x58 ./Core/Src/system_stm32f1xx.o
 .debug_frame   0x0000000000000594      0x334 ./Drivers/STM32F1xx_HAL_Driver/Src/stm32f1xx_hal.o
 .debug_frame   0x00000000000008c8      0x428 ./Drivers/STM32F1xx_HAL_Driver/Src/stm32f1xx_hal_cortex.o
 .debug_frame   0x0000000000000cf0      0x14c ./Drivers/STM32F1xx_HAL_Driver/Src/stm32f1xx_hal_gpio.o
 .debug_frame   0x0000000000000e3c      0x21c ./Drivers/STM32F1xx_HAL_Driver/Src/stm32f1xx_hal_rcc.o
 .debug_frame   0x0000000000001058       0x2c c:/st/stm32cubeide_1.10.1/stm32cubeide/plugins/com.st.stm32cube.ide.mcu.externaltools.gnu-tools-for-stm32.10.3-2021.10.win32_1.0.0.202111181127/tools/bin/../lib/gcc/arm-none-eabi/10.3.1/../../../../arm-none-eabi/lib/thumb/v7-m/nofp\libc_nano.a(lib_a-init.o)
 .debug_frame   0x0000000000001084       0x20 c:/st/stm32cubeide_1.10.1/stm32cubeide/plugins/com.st.stm32cube.ide.mcu.externaltools.gnu-tools-for-stm32.10.3-2021.10.win32_1.0.0.202111181127/tools/bin/../lib/gcc/arm-none-eabi/10.3.1/../../../../arm-none-eabi/lib/thumb/v7-m/nofp\libc_nano.a(lib_a-memset.o)
