../Core/Src/lcd.c:79:6:LCDCmd	16	static
../Core/Src/lcd.c:87:6:sendnibble	16	static
../Core/Src/lcd.c:100:6:InitLCD	8	static
../Core/Src/lcd.c:127:6:delayLCD	8	static
../Core/Src/lcd.c:133:6:LCDPrintXYStr	24	static
../Core/Src/lcd.c:151:6:LCDPrintStr	16	static
../Core/Src/lcd.c:161:6:LCDPrintVal	16	static
../Core/Src/lcd.c:171:6:LCDPrintXYVal	24	static
../Core/Src/lcd.c:189:6:LCDChar	16	static
../Core/Src/lcd.c:197:6:LCD	16	static
../Core/Src/lcd.c:205:6:LCDCursorMode	16	static
../Core/Src/lcd.c:212:6:LCDCursorPos	24	static
../Core/Src/lcd.c:231:6:createChar	24	static
../Core/Src/lcd.c:239:6:RandChar	16	static
../Core/Src/lcd.c:256:6:DisplayStartScreen	32	static
