../Core/Src/lcd.c:76:6:LCDCmd	16	static
../Core/Src/lcd.c:84:6:sendnibble	16	static
../Core/Src/lcd.c:97:6:InitLCD	8	static
../Core/Src/lcd.c:120:6:delayLCD	8	static
../Core/Src/lcd.c:126:6:LCDPrintXYStr	24	static
../Core/Src/lcd.c:144:6:LCDPrintStr	16	static
../Core/Src/lcd.c:154:6:LCDPrintVal	16	static
../Core/Src/lcd.c:164:6:LCDPrintXYVal	24	static
../Core/Src/lcd.c:182:6:LCDChar	16	static
../Core/Src/lcd.c:190:6:LCD	16	static
../Core/Src/lcd.c:198:6:LCDCursorMode	16	static
../Core/Src/lcd.c:205:6:LCDCursorPos	24	static
../Core/Src/lcd.c:224:6:createChar	24	static
